eyJ0eXAiOiJKV1QiLCJhbGciOiJIUzI1NiJ9.eyJpc3MiOiIiLCJhdWQiOiIiLCJzdWIiOiIiLCJleHAiOjAsImlhdCI6MCwicmVzIjpbeyJtb2QiOjEsImlkcyI6W119XX0.UByLca5cLkvQoxYIrQNJ2-1O2PpJEBgjswiRUtKnhno