6f29ec001a157e7e838cc58aa4f93516068dc6c98ab2c0dae11c1ff1fed096bda50cea5514593476c1bb312a1caf51b21df97dd19dd7a7c7767cad8eb95b7ffa