-
    - 'dateOfBirth#lastThreeBsnDigits'
    - 'dateOfBirth#lastname'
-
    - 'dateOfBirth#houseNumber#houseNumberSuffix#postalCode'
    - 'dateOfBirth#phone'
